This is pdfTeX, Version 3.141592653-2.6-1.40.25 (TeX Live 2023/Debian) (preloaded format=pdflatex 2025.6.19)  30 APR 2026 15:30
entering extended mode
 restricted \write18 enabled.
 %&-line parsing enabled.
**main.tex
(./main.tex
LaTeX2e <2023-11-01> patch level 1
L3 programming layer <2024-01-22>
(/usr/share/texlive/texmf-dist/tex/latex/base/report.cls
Document Class: report 2023/05/17 v1.4n Standard LaTeX document class
(/usr/share/texlive/texmf-dist/tex/latex/base/size11.clo
File: size11.clo 2023/05/17 v1.4n Standard LaTeX file (size option)
)
\c@part=\count187
\c@chapter=\count188
\c@section=\count189
\c@subsection=\count190
\c@subsubsection=\count191
\c@paragraph=\count192
\c@subparagraph=\count193
\c@figure=\count194
\c@table=\count195
\abovecaptionskip=\skip48
\belowcaptionskip=\skip49
\bibindent=\dimen140
)
(./styles/document.tex
(/usr/share/texlive/texmf-dist/tex/latex/base/inputenc.sty
Package: inputenc 2021/02/14 v1.3d Input encoding file
\inpenc@prehook=\toks17
\inpenc@posthook=\toks18
)
(/usr/share/texlive/texmf-dist/tex/latex/base/fontenc.sty
Package: fontenc 2021/04/29 v2.0v Standard LaTeX package
)
(/usr/share/texlive/texmf-dist/tex/latex/geometry/geometry.sty
Package: geometry 2020/01/02 v5.9 Page Geometry

(/usr/share/texlive/texmf-dist/tex/latex/graphics/keyval.sty
Package: keyval 2022/05/29 v1.15 key=value parser (DPC)
\KV@toks@=\toks19
)
(/usr/share/texlive/texmf-dist/tex/generic/iftex/ifvtex.sty
Package: ifvtex 2019/10/25 v1.7 ifvtex legacy package. Use iftex instead.

(/usr/share/texlive/texmf-dist/tex/generic/iftex/iftex.sty
Package: iftex 2022/02/03 v1.0f TeX engine tests
))
\Gm@cnth=\count196
\Gm@cntv=\count197
\c@Gm@tempcnt=\count198
\Gm@bindingoffset=\dimen141
\Gm@wd@mp=\dimen142
\Gm@odd@mp=\dimen143
\Gm@even@mp=\dimen144
\Gm@layoutwidth=\dimen145
\Gm@layoutheight=\dimen146
\Gm@layouthoffset=\dimen147
\Gm@layoutvoffset=\dimen148
\Gm@dimlist=\toks20
)
(/usr/share/texlive/texmf-dist/tex/latex/graphics/graphicx.sty
Package: graphicx 2021/09/16 v1.2d Enhanced LaTeX Graphics (DPC,SPQR)

(/usr/share/texlive/texmf-dist/tex/latex/graphics/graphics.sty
Package: graphics 2022/03/10 v1.4e Standard LaTeX Graphics (DPC,SPQR)

(/usr/share/texlive/texmf-dist/tex/latex/graphics/trig.sty
Package: trig 2021/08/11 v1.11 sin cos tan (DPC)
)
(/usr/share/texlive/texmf-dist/tex/latex/graphics-cfg/graphics.cfg
File: graphics.cfg 2016/06/04 v1.11 sample graphics configuration
)
Package graphics Info: Driver file: pdftex.def on input line 107.

(/usr/share/texlive/texmf-dist/tex/latex/graphics-def/pdftex.def
File: pdftex.def 2022/09/22 v1.2b Graphics/color driver for pdftex
))
\Gin@req@height=\dimen149
\Gin@req@width=\dimen150
)
(/usr/share/texlive/texmf-dist/tex/latex/xcolor/xcolor.sty
Package: xcolor 2023/11/15 v3.01 LaTeX color extensions (UK)

(/usr/share/texlive/texmf-dist/tex/latex/graphics-cfg/color.cfg
File: color.cfg 2016/01/02 v1.6 sample color configuration
)
Package xcolor Info: Driver file: pdftex.def on input line 274.

(/usr/share/texlive/texmf-dist/tex/latex/graphics/mathcolor.ltx)
Package xcolor Info: Model `cmy' substituted by `cmy0' on input line 1350.
Package xcolor Info: Model `hsb' substituted by `rgb' on input line 1354.
Package xcolor Info: Model `RGB' extended on input line 1366.
Package xcolor Info: Model `HTML' substituted by `rgb' on input line 1368.
Package xcolor Info: Model `Hsb' substituted by `hsb' on input line 1369.
Package xcolor Info: Model `tHsb' substituted by `hsb' on input line 1370.
Package xcolor Info: Model `HSB' substituted by `hsb' on input line 1371.
Package xcolor Info: Model `Gray' substituted by `gray' on input line 1372.
Package xcolor Info: Model `wave' substituted by `hsb' on input line 1373.
)
(/usr/share/texlive/texmf-dist/tex/latex/eso-pic/eso-pic.sty
Package: eso-pic 2023/05/03 v3.0c eso-pic (RN)
\ESO@tempdima=\dimen151
\ESO@tempdimb=\dimen152
)
(/usr/share/texlive/texmf-dist/tex/latex/fancyhdr/fancyhdr.sty
Package: fancyhdr 2022/11/09 v4.1 Extensive control of page headers and footers

\f@nch@headwidth=\skip50
\f@nch@O@elh=\skip51
\f@nch@O@erh=\skip52
\f@nch@O@olh=\skip53
\f@nch@O@orh=\skip54
\f@nch@O@elf=\skip55
\f@nch@O@erf=\skip56
\f@nch@O@olf=\skip57
\f@nch@O@orf=\skip58
)
(/usr/share/texlive/texmf-dist/tex/latex/titlesec/titlesec.sty
Package: titlesec 2023/10/27 v2.16 Sectioning titles
\ttl@box=\box51
\beforetitleunit=\skip59
\aftertitleunit=\skip60
\ttl@plus=\dimen153
\ttl@minus=\dimen154
\ttl@toksa=\toks21
\titlewidth=\dimen155
\titlewidthlast=\dimen156
\titlewidthfirst=\dimen157
)
(/usr/share/texlive/texmf-dist/tex/latex/titlesec/titletoc.sty
Package: titletoc 2023/10/27 v2.16 TOC entries
\ttl@leftsep=\dimen158
)
(/usr/share/texlive/texmf-dist/tex/latex/enumitem/enumitem.sty
Package: enumitem 2019/06/20 v3.9 Customized lists
\labelindent=\skip61
\enit@outerparindent=\dimen159
\enit@toks=\toks22
\enit@inbox=\box52
\enit@count@id=\count199
\enitdp@description=\count266
)
(/usr/share/texlive/texmf-dist/tex/latex/caption/caption.sty
Package: caption 2023/08/05 v3.6o Customizing captions (AR)

(/usr/share/texlive/texmf-dist/tex/latex/caption/caption3.sty
Package: caption3 2023/07/31 v2.4d caption3 kernel (AR)
\caption@tempdima=\dimen160
\captionmargin=\dimen161
\caption@leftmargin=\dimen162
\caption@rightmargin=\dimen163
\caption@width=\dimen164
\caption@indent=\dimen165
\caption@parindent=\dimen166
\caption@hangindent=\dimen167
Package caption Info: Standard document class detected.
)
\c@caption@flags=\count267
\c@continuedfloat=\count268
)
(/usr/share/texlive/texmf-dist/tex/latex/etoolbox/etoolbox.sty
Package: etoolbox 2020/10/05 v2.5k e-TeX tools for LaTeX (JAW)
\etb@tempcnta=\count269
)
   defining Unicode char U+201C (decimal 8220)
   defining Unicode char U+201D (decimal 8221)
   defining Unicode char U+2013 (decimal 8211)
   defining Unicode char U+2014 (decimal 8212)
   defining Unicode char U+2019 (decimal 8217)
)
(/usr/share/texlive/texmf-dist/tex/latex/l3backend/l3backend-pdftex.def
File: l3backend-pdftex.def 2024-01-04 L3 backend support: PDF output (pdfTeX)
\l__color_backend_stack_int=\count270
\l__pdf_internal_box=\box53
)
(./main.aux)
\openout1 = `main.aux'.

LaTeX Font Info:    Checking defaults for OML/cmm/m/it on input line 5.
LaTeX Font Info:    ... okay on input line 5.
LaTeX Font Info:    Checking defaults for OMS/cmsy/m/n on input line 5.
LaTeX Font Info:    ... okay on input line 5.
LaTeX Font Info:    Checking defaults for OT1/cmr/m/n on input line 5.
LaTeX Font Info:    ... okay on input line 5.
LaTeX Font Info:    Checking defaults for T1/cmr/m/n on input line 5.
LaTeX Font Info:    ... okay on input line 5.
LaTeX Font Info:    Checking defaults for TS1/cmr/m/n on input line 5.
LaTeX Font Info:    ... okay on input line 5.
LaTeX Font Info:    Checking defaults for OMX/cmex/m/n on input line 5.
LaTeX Font Info:    ... okay on input line 5.
LaTeX Font Info:    Checking defaults for U/cmr/m/n on input line 5.
LaTeX Font Info:    ... okay on input line 5.

*geometry* driver: auto-detecting
*geometry* detected driver: pdftex
*geometry* verbose mode - [ preamble ] result:
* driver: pdftex
* paper: a4paper
* layout: <same size as paper>
* layoutoffset:(h,v)=(0.0pt,0.0pt)
* modes: 
* h-part:(L,W,R)=(81.42pt, 434.66788pt, 81.42pt)
* v-part:(T,H,B)=(80.0pt, 672.04684pt, 93.0pt)
* \paperwidth=597.50787pt
* \paperheight=845.04684pt
* \textwidth=434.66788pt
* \textheight=672.04684pt
* \oddsidemargin=9.15001pt
* \evensidemargin=9.15001pt
* \topmargin=-40.26999pt
* \headheight=24.0pt
* \headsep=24.0pt
* \topskip=11.0pt
* \footskip=32.0pt
* \marginparwidth=50.0pt
* \marginparsep=10.0pt
* \columnsep=10.0pt
* \skip\footins=10.0pt plus 4.0pt minus 2.0pt
* \hoffset=0.0pt
* \voffset=0.0pt
* \mag=1000
* \@twocolumnfalse
* \@twosidefalse
* \@mparswitchfalse
* \@reversemarginfalse
* (1in=72.27pt=25.4mm, 1cm=28.453pt)

(/usr/share/texlive/texmf-dist/tex/context/base/mkii/supp-pdf.mkii
[Loading MPS to PDF converter (version 2006.09.02).]
\scratchcounter=\count271
\scratchdimen=\dimen168
\scratchbox=\box54
\nofMPsegments=\count272
\nofMParguments=\count273
\everyMPshowfont=\toks23
\MPscratchCnt=\count274
\MPscratchDim=\dimen169
\MPnumerator=\count275
\makeMPintoPDFobject=\count276
\everyMPtoPDFconversion=\toks24
) (/usr/share/texlive/texmf-dist/tex/latex/epstopdf-pkg/epstopdf-base.sty
Package: epstopdf-base 2020-01-24 v2.11 Base part for package epstopdf
Package epstopdf-base Info: Redefining graphics rule for `.eps' on input line 4
85.

(/usr/share/texlive/texmf-dist/tex/latex/latexconfig/epstopdf-sys.cfg
File: epstopdf-sys.cfg 2010/07/13 v1.3 Configuration of (r)epstopdf for TeX Liv
e
))
Package caption Info: Begin \AtBeginDocument code.
Package caption Info: End \AtBeginDocument code.

(./frontmatter/cover.tex
<assets/fsfeup_black.png, id=1, 1204.5pt x 191.71625pt>
File: assets/fsfeup_black.png Graphic file (type png)
<use assets/fsfeup_black.png>
Package pdftex.def Info: assets/fsfeup_black.png  used on input line 1.
(pdftex.def)             Requested size: 417.50114pt x 66.60146pt.
<assets/watermark_page.jpg, id=2, 1244.65pt x 1760.5775pt>
File: assets/watermark_page.jpg Graphic file (type jpg)
<use assets/watermark_page.jpg>
Package pdftex.def Info: assets/watermark_page.jpg  used on input line 1.
(pdftex.def)             Requested size: 597.50117pt x 845.04074pt.
 [1

{/var/lib/texmf/fonts/map/pdftex/updmap/pdftex.map}{/usr/share/texmf/fonts/enc/
dvips/cm-super/cm-super-t1.enc} <./assets/watermark_page.jpg> <./assets/fsfeup_
black.png (PNG copy)>]) (./main.toc
File: assets/fsfeup_black.png Graphic file (type png)
<use assets/fsfeup_black.png>
Package pdftex.def Info: assets/fsfeup_black.png  used on input line 35.
(pdftex.def)             Requested size: 88.69785pt x 13.99779pt.
<assets/uporto.png, id=11, 401.5pt x 87.32625pt>
File: assets/uporto.png Graphic file (type png)
<use assets/uporto.png>
Package pdftex.def Info: assets/uporto.png  used on input line 35.
(pdftex.def)             Requested size: 65.39919pt x 13.99913pt.
File: assets/watermark_page.jpg Graphic file (type jpg)
<use assets/watermark_page.jpg>
Package pdftex.def Info: assets/watermark_page.jpg  used on input line 35.
(pdftex.def)             Requested size: 597.50117pt x 845.04074pt.
 [1

 <./assets/uporto.png (PNG copy)>])
\tf@toc=\write3
\openout3 = `main.toc'.

File: assets/fsfeup_black.png Graphic file (type png)
<use assets/fsfeup_black.png>
Package pdftex.def Info: assets/fsfeup_black.png  used on input line 12.
(pdftex.def)             Requested size: 88.69785pt x 13.99779pt.
File: assets/uporto.png Graphic file (type png)
<use assets/uporto.png>
Package pdftex.def Info: assets/uporto.png  used on input line 12.
(pdftex.def)             Requested size: 65.39919pt x 13.99913pt.
File: assets/watermark_page.jpg Graphic file (type jpg)
<use assets/watermark_page.jpg>
Package pdftex.def Info: assets/watermark_page.jpg  used on input line 12.
(pdftex.def)             Requested size: 597.50117pt x 845.04074pt.
 [2] (./chapters/chapter1.tex
Chapter 1.
) (./chapters/chapter2.tex
File: assets/fsfeup_black.png Graphic file (type png)
<use assets/fsfeup_black.png>
Package pdftex.def Info: assets/fsfeup_black.png  used on input line 1.
(pdftex.def)             Requested size: 88.69785pt x 13.99779pt.
File: assets/uporto.png Graphic file (type png)
<use assets/uporto.png>
Package pdftex.def Info: assets/uporto.png  used on input line 1.
(pdftex.def)             Requested size: 65.39919pt x 13.99913pt.
File: assets/watermark_page.jpg Graphic file (type jpg)
<use assets/watermark_page.jpg>
Package pdftex.def Info: assets/watermark_page.jpg  used on input line 1.
(pdftex.def)             Requested size: 597.50117pt x 845.04074pt.
 [1


]
Chapter 2.
File: assets/fsfeup_black.png Graphic file (type png)
<use assets/fsfeup_black.png>
Package pdftex.def Info: assets/fsfeup_black.png  used on input line 23.
(pdftex.def)             Requested size: 88.69785pt x 13.99779pt.
File: assets/uporto.png Graphic file (type png)
<use assets/uporto.png>
Package pdftex.def Info: assets/uporto.png  used on input line 23.
(pdftex.def)             Requested size: 65.39919pt x 13.99913pt.
File: assets/watermark_page.jpg Graphic file (type jpg)
<use assets/watermark_page.jpg>
Package pdftex.def Info: assets/watermark_page.jpg  used on input line 23.
(pdftex.def)             Requested size: 597.50117pt x 845.04074pt.
[2

]
File: assets/fsfeup_black.png Graphic file (type png)
<use assets/fsfeup_black.png>
Package pdftex.def Info: assets/fsfeup_black.png  used on input line 36.
(pdftex.def)             Requested size: 88.69785pt x 13.99779pt.
File: assets/uporto.png Graphic file (type png)
<use assets/uporto.png>
Package pdftex.def Info: assets/uporto.png  used on input line 36.
(pdftex.def)             Requested size: 65.39919pt x 13.99913pt.
File: assets/watermark_page.jpg Graphic file (type jpg)
<use assets/watermark_page.jpg>
Package pdftex.def Info: assets/watermark_page.jpg  used on input line 36.
(pdftex.def)             Requested size: 597.50117pt x 845.04074pt.
 [3]
File: assets/fsfeup_black.png Graphic file (type png)
<use assets/fsfeup_black.png>
Package pdftex.def Info: assets/fsfeup_black.png  used on input line 63.
(pdftex.def)             Requested size: 88.69785pt x 13.99779pt.
File: assets/uporto.png Graphic file (type png)
<use assets/uporto.png>
Package pdftex.def Info: assets/uporto.png  used on input line 63.
(pdftex.def)             Requested size: 65.39919pt x 13.99913pt.
File: assets/watermark_page.jpg Graphic file (type jpg)
<use assets/watermark_page.jpg>
Package pdftex.def Info: assets/watermark_page.jpg  used on input line 63.
(pdftex.def)             Requested size: 597.50117pt x 845.04074pt.
 [4]
<assets/fsfeup_color.png, id=39, 1204.5pt x 191.71625pt>
File: assets/fsfeup_color.png Graphic file (type png)
<use assets/fsfeup_color.png>
Package pdftex.def Info: assets/fsfeup_color.png  used on input line 67.
(pdftex.def)             Requested size: 216.0pt x 34.37871pt.
) (./chapters/chapter3.tex
File: assets/fsfeup_black.png Graphic file (type png)
<use assets/fsfeup_black.png>
Package pdftex.def Info: assets/fsfeup_black.png  used on input line 1.
(pdftex.def)             Requested size: 88.69785pt x 13.99779pt.
File: assets/uporto.png Graphic file (type png)
<use assets/uporto.png>
Package pdftex.def Info: assets/uporto.png  used on input line 1.
(pdftex.def)             Requested size: 65.39919pt x 13.99913pt.
File: assets/watermark_page.jpg Graphic file (type jpg)
<use assets/watermark_page.jpg>
Package pdftex.def Info: assets/watermark_page.jpg  used on input line 1.
(pdftex.def)             Requested size: 597.50117pt x 845.04074pt.
 [5 <./assets/fsfeup_color.png (PNG copy)>]
Chapter 3.
File: assets/fsfeup_black.png Graphic file (type png)
<use assets/fsfeup_black.png>
Package pdftex.def Info: assets/fsfeup_black.png  used on input line 29.
(pdftex.def)             Requested size: 88.69785pt x 13.99779pt.
File: assets/uporto.png Graphic file (type png)
<use assets/uporto.png>
Package pdftex.def Info: assets/uporto.png  used on input line 29.
(pdftex.def)             Requested size: 65.39919pt x 13.99913pt.
File: assets/watermark_page.jpg Graphic file (type jpg)
<use assets/watermark_page.jpg>
Package pdftex.def Info: assets/watermark_page.jpg  used on input line 29.
(pdftex.def)             Requested size: 597.50117pt x 845.04074pt.
[6

]
Underfull \hbox (badness 1077) in paragraph at lines 49--50
[]\T1/cmr/m/n/10.95 Utilizar o de-sen-volvi-mento feito no âm-bito da equipa pa
ra o per-curso
 []

File: assets/fsfeup_black.png Graphic file (type png)
<use assets/fsfeup_black.png>
Package pdftex.def Info: assets/fsfeup_black.png  used on input line 61.
(pdftex.def)             Requested size: 88.69785pt x 13.99779pt.
File: assets/uporto.png Graphic file (type png)
<use assets/uporto.png>
Package pdftex.def Info: assets/uporto.png  used on input line 61.
(pdftex.def)             Requested size: 65.39919pt x 13.99913pt.
File: assets/watermark_page.jpg Graphic file (type jpg)
<use assets/watermark_page.jpg>
Package pdftex.def Info: assets/watermark_page.jpg  used on input line 61.
(pdftex.def)             Requested size: 597.50117pt x 845.04074pt.
[7]
File: assets/fsfeup_black.png Graphic file (type png)
<use assets/fsfeup_black.png>
Package pdftex.def Info: assets/fsfeup_black.png  used on input line 84.
(pdftex.def)             Requested size: 88.69785pt x 13.99779pt.
File: assets/uporto.png Graphic file (type png)
<use assets/uporto.png>
Package pdftex.def Info: assets/uporto.png  used on input line 84.
(pdftex.def)             Requested size: 65.39919pt x 13.99913pt.
File: assets/watermark_page.jpg Graphic file (type jpg)
<use assets/watermark_page.jpg>
Package pdftex.def Info: assets/watermark_page.jpg  used on input line 84.
(pdftex.def)             Requested size: 597.50117pt x 845.04074pt.
 [8{/usr/share/texmf/fonts/enc/dvips/cm-super/cm-super-ts1.enc}]
File: assets/fsfeup_black.png Graphic file (type png)
<use assets/fsfeup_black.png>
Package pdftex.def Info: assets/fsfeup_black.png  used on input line 118.
(pdftex.def)             Requested size: 88.69785pt x 13.99779pt.
File: assets/uporto.png Graphic file (type png)
<use assets/uporto.png>
Package pdftex.def Info: assets/uporto.png  used on input line 118.
(pdftex.def)             Requested size: 65.39919pt x 13.99913pt.
File: assets/watermark_page.jpg Graphic file (type jpg)
<use assets/watermark_page.jpg>
Package pdftex.def Info: assets/watermark_page.jpg  used on input line 118.
(pdftex.def)             Requested size: 597.50117pt x 845.04074pt.
 [9]
File: assets/fsfeup_black.png Graphic file (type png)
<use assets/fsfeup_black.png>
Package pdftex.def Info: assets/fsfeup_black.png  used on input line 144.
(pdftex.def)             Requested size: 88.69785pt x 13.99779pt.
File: assets/uporto.png Graphic file (type png)
<use assets/uporto.png>
Package pdftex.def Info: assets/uporto.png  used on input line 144.
(pdftex.def)             Requested size: 65.39919pt x 13.99913pt.
File: assets/watermark_page.jpg Graphic file (type jpg)
<use assets/watermark_page.jpg>
Package pdftex.def Info: assets/watermark_page.jpg  used on input line 144.
(pdftex.def)             Requested size: 597.50117pt x 845.04074pt.

[10]
File: assets/fsfeup_black.png Graphic file (type png)
<use assets/fsfeup_black.png>
Package pdftex.def Info: assets/fsfeup_black.png  used on input line 167.
(pdftex.def)             Requested size: 88.69785pt x 13.99779pt.
File: assets/uporto.png Graphic file (type png)
<use assets/uporto.png>
Package pdftex.def Info: assets/uporto.png  used on input line 167.
(pdftex.def)             Requested size: 65.39919pt x 13.99913pt.
File: assets/watermark_page.jpg Graphic file (type jpg)
<use assets/watermark_page.jpg>
Package pdftex.def Info: assets/watermark_page.jpg  used on input line 167.
(pdftex.def)             Requested size: 597.50117pt x 845.04074pt.
 [11]
File: assets/fsfeup_black.png Graphic file (type png)
<use assets/fsfeup_black.png>
Package pdftex.def Info: assets/fsfeup_black.png  used on input line 202.
(pdftex.def)             Requested size: 88.69785pt x 13.99779pt.
File: assets/uporto.png Graphic file (type png)
<use assets/uporto.png>
Package pdftex.def Info: assets/uporto.png  used on input line 202.
(pdftex.def)             Requested size: 65.39919pt x 13.99913pt.
File: assets/watermark_page.jpg Graphic file (type jpg)
<use assets/watermark_page.jpg>
Package pdftex.def Info: assets/watermark_page.jpg  used on input line 202.
(pdftex.def)             Requested size: 597.50117pt x 845.04074pt.
 [12]
File: assets/fsfeup_black.png Graphic file (type png)
<use assets/fsfeup_black.png>
Package pdftex.def Info: assets/fsfeup_black.png  used on input line 236.
(pdftex.def)             Requested size: 88.69785pt x 13.99779pt.
File: assets/uporto.png Graphic file (type png)
<use assets/uporto.png>
Package pdftex.def Info: assets/uporto.png  used on input line 236.
(pdftex.def)             Requested size: 65.39919pt x 13.99913pt.
File: assets/watermark_page.jpg Graphic file (type jpg)
<use assets/watermark_page.jpg>
Package pdftex.def Info: assets/watermark_page.jpg  used on input line 236.
(pdftex.def)             Requested size: 597.50117pt x 845.04074pt.
 [13]) (./chapters/chapter4.tex
File: assets/fsfeup_black.png Graphic file (type png)
<use assets/fsfeup_black.png>
Package pdftex.def Info: assets/fsfeup_black.png  used on input line 1.
(pdftex.def)             Requested size: 88.69785pt x 13.99779pt.
File: assets/uporto.png Graphic file (type png)
<use assets/uporto.png>
Package pdftex.def Info: assets/uporto.png  used on input line 1.
(pdftex.def)             Requested size: 65.39919pt x 13.99913pt.
File: assets/watermark_page.jpg Graphic file (type jpg)
<use assets/watermark_page.jpg>
Package pdftex.def Info: assets/watermark_page.jpg  used on input line 1.
(pdftex.def)             Requested size: 597.50117pt x 845.04074pt.
 [14]
Chapter 4.
File: assets/fsfeup_black.png Graphic file (type png)
<use assets/fsfeup_black.png>
Package pdftex.def Info: assets/fsfeup_black.png  used on input line 31.
(pdftex.def)             Requested size: 88.69785pt x 13.99779pt.
File: assets/uporto.png Graphic file (type png)
<use assets/uporto.png>
Package pdftex.def Info: assets/uporto.png  used on input line 31.
(pdftex.def)             Requested size: 65.39919pt x 13.99913pt.
File: assets/watermark_page.jpg Graphic file (type jpg)
<use assets/watermark_page.jpg>
Package pdftex.def Info: assets/watermark_page.jpg  used on input line 31.
(pdftex.def)             Requested size: 597.50117pt x 845.04074pt.
[15

]
File: assets/fsfeup_black.png Graphic file (type png)
<use assets/fsfeup_black.png>
Package pdftex.def Info: assets/fsfeup_black.png  used on input line 72.
(pdftex.def)             Requested size: 88.69785pt x 13.99779pt.
File: assets/uporto.png Graphic file (type png)
<use assets/uporto.png>
Package pdftex.def Info: assets/uporto.png  used on input line 72.
(pdftex.def)             Requested size: 65.39919pt x 13.99913pt.
File: assets/watermark_page.jpg Graphic file (type jpg)
<use assets/watermark_page.jpg>
Package pdftex.def Info: assets/watermark_page.jpg  used on input line 72.
(pdftex.def)             Requested size: 597.50117pt x 845.04074pt.
 [16]
File: assets/fsfeup_black.png Graphic file (type png)
<use assets/fsfeup_black.png>
Package pdftex.def Info: assets/fsfeup_black.png  used on input line 106.
(pdftex.def)             Requested size: 88.69785pt x 13.99779pt.
File: assets/uporto.png Graphic file (type png)
<use assets/uporto.png>
Package pdftex.def Info: assets/uporto.png  used on input line 106.
(pdftex.def)             Requested size: 65.39919pt x 13.99913pt.
File: assets/watermark_page.jpg Graphic file (type jpg)
<use assets/watermark_page.jpg>
Package pdftex.def Info: assets/watermark_page.jpg  used on input line 106.
(pdftex.def)             Requested size: 597.50117pt x 845.04074pt.
 [17]
File: assets/fsfeup_black.png Graphic file (type png)
<use assets/fsfeup_black.png>
Package pdftex.def Info: assets/fsfeup_black.png  used on input line 141.
(pdftex.def)             Requested size: 88.69785pt x 13.99779pt.
File: assets/uporto.png Graphic file (type png)
<use assets/uporto.png>
Package pdftex.def Info: assets/uporto.png  used on input line 141.
(pdftex.def)             Requested size: 65.39919pt x 13.99913pt.
File: assets/watermark_page.jpg Graphic file (type jpg)
<use assets/watermark_page.jpg>
Package pdftex.def Info: assets/watermark_page.jpg  used on input line 141.
(pdftex.def)             Requested size: 597.50117pt x 845.04074pt.
 [18]
File: assets/fsfeup_black.png Graphic file (type png)
<use assets/fsfeup_black.png>
Package pdftex.def Info: assets/fsfeup_black.png  used on input line 175.
(pdftex.def)             Requested size: 88.69785pt x 13.99779pt.
File: assets/uporto.png Graphic file (type png)
<use assets/uporto.png>
Package pdftex.def Info: assets/uporto.png  used on input line 175.
(pdftex.def)             Requested size: 65.39919pt x 13.99913pt.
File: assets/watermark_page.jpg Graphic file (type jpg)
<use assets/watermark_page.jpg>
Package pdftex.def Info: assets/watermark_page.jpg  used on input line 175.
(pdftex.def)             Requested size: 597.50117pt x 845.04074pt.
 [19]) (./chapters/chapter5.tex
File: assets/fsfeup_black.png Graphic file (type png)
<use assets/fsfeup_black.png>
Package pdftex.def Info: assets/fsfeup_black.png  used on input line 1.
(pdftex.def)             Requested size: 88.69785pt x 13.99779pt.
File: assets/uporto.png Graphic file (type png)
<use assets/uporto.png>
Package pdftex.def Info: assets/uporto.png  used on input line 1.
(pdftex.def)             Requested size: 65.39919pt x 13.99913pt.
File: assets/watermark_page.jpg Graphic file (type jpg)
<use assets/watermark_page.jpg>
Package pdftex.def Info: assets/watermark_page.jpg  used on input line 1.
(pdftex.def)             Requested size: 597.50117pt x 845.04074pt.
 [20]
Chapter 5.
File: assets/fsfeup_black.png Graphic file (type png)
<use assets/fsfeup_black.png>
Package pdftex.def Info: assets/fsfeup_black.png  used on input line 27.
(pdftex.def)             Requested size: 88.69785pt x 13.99779pt.
File: assets/uporto.png Graphic file (type png)
<use assets/uporto.png>
Package pdftex.def Info: assets/uporto.png  used on input line 27.
(pdftex.def)             Requested size: 65.39919pt x 13.99913pt.
File: assets/watermark_page.jpg Graphic file (type jpg)
<use assets/watermark_page.jpg>
Package pdftex.def Info: assets/watermark_page.jpg  used on input line 27.
(pdftex.def)             Requested size: 597.50117pt x 845.04074pt.
[21

]) (./chapters/chapter6.tex
File: assets/fsfeup_black.png Graphic file (type png)
<use assets/fsfeup_black.png>
Package pdftex.def Info: assets/fsfeup_black.png  used on input line 1.
(pdftex.def)             Requested size: 88.69785pt x 13.99779pt.
File: assets/uporto.png Graphic file (type png)
<use assets/uporto.png>
Package pdftex.def Info: assets/uporto.png  used on input line 1.
(pdftex.def)             Requested size: 65.39919pt x 13.99913pt.
File: assets/watermark_page.jpg Graphic file (type jpg)
<use assets/watermark_page.jpg>
Package pdftex.def Info: assets/watermark_page.jpg  used on input line 1.
(pdftex.def)             Requested size: 597.50117pt x 845.04074pt.
 [22]
Chapter 6.
File: assets/fsfeup_black.png Graphic file (type png)
<use assets/fsfeup_black.png>
Package pdftex.def Info: assets/fsfeup_black.png  used on input line 24.
(pdftex.def)             Requested size: 88.69785pt x 13.99779pt.
File: assets/uporto.png Graphic file (type png)
<use assets/uporto.png>
Package pdftex.def Info: assets/uporto.png  used on input line 24.
(pdftex.def)             Requested size: 65.39919pt x 13.99913pt.
File: assets/watermark_page.jpg Graphic file (type jpg)
<use assets/watermark_page.jpg>
Package pdftex.def Info: assets/watermark_page.jpg  used on input line 24.
(pdftex.def)             Requested size: 597.50117pt x 845.04074pt.
[23

]
File: assets/fsfeup_black.png Graphic file (type png)
<use assets/fsfeup_black.png>
Package pdftex.def Info: assets/fsfeup_black.png  used on input line 60.
(pdftex.def)             Requested size: 88.69785pt x 13.99779pt.
File: assets/uporto.png Graphic file (type png)
<use assets/uporto.png>
Package pdftex.def Info: assets/uporto.png  used on input line 60.
(pdftex.def)             Requested size: 65.39919pt x 13.99913pt.
File: assets/watermark_page.jpg Graphic file (type jpg)
<use assets/watermark_page.jpg>
Package pdftex.def Info: assets/watermark_page.jpg  used on input line 60.
(pdftex.def)             Requested size: 597.50117pt x 845.04074pt.
 [24]
File: assets/fsfeup_black.png Graphic file (type png)
<use assets/fsfeup_black.png>
Package pdftex.def Info: assets/fsfeup_black.png  used on input line 94.
(pdftex.def)             Requested size: 88.69785pt x 13.99779pt.
File: assets/uporto.png Graphic file (type png)
<use assets/uporto.png>
Package pdftex.def Info: assets/uporto.png  used on input line 94.
(pdftex.def)             Requested size: 65.39919pt x 13.99913pt.
File: assets/watermark_page.jpg Graphic file (type jpg)
<use assets/watermark_page.jpg>
Package pdftex.def Info: assets/watermark_page.jpg  used on input line 94.
(pdftex.def)             Requested size: 597.50117pt x 845.04074pt.
 [25]
File: assets/fsfeup_black.png Graphic file (type png)
<use assets/fsfeup_black.png>
Package pdftex.def Info: assets/fsfeup_black.png  used on input line 132.
(pdftex.def)             Requested size: 88.69785pt x 13.99779pt.
File: assets/uporto.png Graphic file (type png)
<use assets/uporto.png>
Package pdftex.def Info: assets/uporto.png  used on input line 132.
(pdftex.def)             Requested size: 65.39919pt x 13.99913pt.
File: assets/watermark_page.jpg Graphic file (type jpg)
<use assets/watermark_page.jpg>
Package pdftex.def Info: assets/watermark_page.jpg  used on input line 132.
(pdftex.def)             Requested size: 597.50117pt x 845.04074pt.
 [26]) (./chapters/chapter7.tex
File: assets/fsfeup_black.png Graphic file (type png)
<use assets/fsfeup_black.png>
Package pdftex.def Info: assets/fsfeup_black.png  used on input line 1.
(pdftex.def)             Requested size: 88.69785pt x 13.99779pt.
File: assets/uporto.png Graphic file (type png)
<use assets/uporto.png>
Package pdftex.def Info: assets/uporto.png  used on input line 1.
(pdftex.def)             Requested size: 65.39919pt x 13.99913pt.
File: assets/watermark_page.jpg Graphic file (type jpg)
<use assets/watermark_page.jpg>
Package pdftex.def Info: assets/watermark_page.jpg  used on input line 1.
(pdftex.def)             Requested size: 597.50117pt x 845.04074pt.
 [27]
Chapter 7.
)
File: assets/fsfeup_black.png Graphic file (type png)
<use assets/fsfeup_black.png>
Package pdftex.def Info: assets/fsfeup_black.png  used on input line 23.
(pdftex.def)             Requested size: 88.69785pt x 13.99779pt.
File: assets/uporto.png Graphic file (type png)
<use assets/uporto.png>
Package pdftex.def Info: assets/uporto.png  used on input line 23.
(pdftex.def)             Requested size: 65.39919pt x 13.99913pt.
File: assets/watermark_page.jpg Graphic file (type jpg)
<use assets/watermark_page.jpg>
Package pdftex.def Info: assets/watermark_page.jpg  used on input line 23.
(pdftex.def)             Requested size: 597.50117pt x 845.04074pt.
 [28

] (./main.aux)
 ***********
LaTeX2e <2023-11-01> patch level 1
L3 programming layer <2024-01-22>
 ***********
 ) 
Here is how much of TeX's memory you used:
 5475 strings out of 474222
 88347 string characters out of 5748733
 1938975 words of memory out of 5000000
 27674 multiletter control sequences out of 15000+600000
 567824 words of font info for 50 fonts, out of 8000000 for 9000
 1141 hyphenation exceptions out of 8191
 62i,15n,76p,1020b,857s stack positions out of 10000i,1000n,20000p,200000b,200000s
</usr/share/texmf/fonts/type1/public/cm-super/sfbi1095.pfb></usr/share/texmf/
fonts/type1/public/cm-super/sfbx1095.pfb></usr/share/texmf/fonts/type1/public/c
m-super/sfbx1200.pfb></usr/share/texmf/fonts/type1/public/cm-super/sfbx1728.pfb
></usr/share/texmf/fonts/type1/public/cm-super/sfbx2074.pfb></usr/share/texmf/f
onts/type1/public/cm-super/sfbx2488.pfb></usr/share/texmf/fonts/type1/public/cm
-super/sfrm1000.pfb></usr/share/texmf/fonts/type1/public/cm-super/sfrm1095.pfb>
</usr/share/texmf/fonts/type1/public/cm-super/sfrm1200.pfb></usr/share/texmf/fo
nts/type1/public/cm-super/sfrm1728.pfb></usr/share/texmf/fonts/type1/public/cm-
super/sfti1095.pfb>
Output written on main.pdf (31 pages, 441300 bytes).
PDF statistics:
 169 PDF objects out of 1000 (max. 8388607)
 107 compressed objects within 2 object streams
 0 named destinations out of 1000 (max. 500000)
 21 words of extra memory for PDF output out of 10000 (max. 10000000)

